[36mvite v6.4.1 [32mbuilding for production...[36m[39m
transforming...
[32mΓ£ô[39m 57 modules transformed.
node.exe : 
[31mΓ£ù[39m Build 
failed in 2.60s
At line:1 char:1
+ & "C:\Program 
Files\nodejs/node.exe" 
"C:\Program 
Files\nodejs/node_mo 
...
+ ~~~~~~~~~~~~~~~~~~~~~
~~~~~~~~~~~~~~~~~~~~~~~
~~~~~~~~~~~~~~~~~~~~~~~
~~
    + CategoryInfo     
         : NotSpecifi  
  ed: ([31mΓ£ù[39m   
  Build failed in 2    
.60s:String) [], R    
emoteException
    + FullyQualifiedEr 
   rorId : NativeComm  
  andError
 
[31merror during 
build:
[31mCould not resolve 
"../../store/cartSlice"
 from "src/pages/Produc
tPage.jsx"[31m
file: [36mE:/chaudhary
-carpet-website/chaudha
ry-carpet/src/pages/Pro
ductPage.jsx[31m
    at getRollupError (
file:///E:/chaudhary-ca
rpet-website/chaudhary-
carpet/node_modules/rol
lup/dist/es/shared/pars
eAst.js:402:41)
    at error (file:///E
:/chaudhary-carpet-webs
ite/chaudhary-carpet/no
de_modules/rollup/dist/
es/shared/parseAst.js:3
98:42)
    at ModuleLoader.han
dleInvalidResolvedId (f
ile:///E:/chaudhary-car
pet-website/chaudhary-c
arpet/node_modules/roll
up/dist/es/shared/node-
entry.js:21710:24)
    at file:///E:/chaud
hary-carpet-website/cha
udhary-carpet/node_modu
les/rollup/dist/es/shar
ed/node-entry.js:21670:
26[39m
